[kiswa.net/themes/star-travel/demo/demo-ltr/admin-demo/index.html]
[backblue.gif]
[fade.gif]
[index.html]
[kiswa.net/themes/star-travel/demo/demo-ltr/admin-demo/images/favicon.png]
[kiswa.net/themes/star-travel/demo/demo-ltr/images/loader-red.gif]
[kiswa.net/themes/star-travel/demo/demo-ltr/admin-demo/images/commenter-1.jpg]
[kiswa.net/themes/star-travel/demo/demo-ltr/admin-demo/profile-view-profile.html]
[kiswa.net/themes/star-travel/demo/demo-ltr/admin-demo/profile-edit-profile.html]
[kiswa.net/themes/star-travel/demo/demo-ltr/admin-demo/profile-change-password.html]
[kiswa.net/themes/star-travel/demo/demo-ltr/admin-demo/users-create-user.html]
[kiswa.net/themes/star-travel/demo/demo-ltr/admin-demo/users-list.html]
[kiswa.net/themes/star-travel/demo/demo-ltr/admin-demo/listing-hotel-create.html]
[kiswa.net/themes/star-travel/demo/demo-ltr/admin-demo/listing-hotel-all.html]
[kiswa.net/themes/star-travel/demo/demo-ltr/admin-demo/listing-hotel-active.html]
[kiswa.net/themes/star-travel/demo/demo-ltr/admin-demo/listing-hotel-drafts.html]
[kiswa.net/themes/star-travel/demo/demo-ltr/admin-demo/listing-hotel-expired.html]
[kiswa.net/themes/star-travel/demo/demo-ltr/admin-demo/listing-hotel-featured.html]
[kiswa.net/themes/star-travel/demo/demo-ltr/admin-demo/listing-tour-create.html]
[kiswa.net/themes/star-travel/demo/demo-ltr/admin-demo/listing-tour-all.html]
[kiswa.net/themes/star-travel/demo/demo-ltr/admin-demo/listing-tour-active.html]
[kiswa.net/themes/star-travel/demo/demo-ltr/admin-demo/listing-tour-drafts.html]
[kiswa.net/themes/star-travel/demo/demo-ltr/admin-demo/listing-tour-expired.html]
[kiswa.net/themes/star-travel/demo/demo-ltr/admin-demo/listing-tour-featured.html]
[kiswa.net/themes/star-travel/demo/demo-ltr/admin-demo/listing-cruise-create.html]
[kiswa.net/themes/star-travel/demo/demo-ltr/admin-demo/listing-cruise-all.html]
[kiswa.net/themes/star-travel/demo/demo-ltr/admin-demo/listing-cruise-active.html]
[kiswa.net/themes/star-travel/demo/demo-ltr/admin-demo/listing-cruise-drafts.html]
[kiswa.net/themes/star-travel/demo/demo-ltr/admin-demo/listing-cruise-expired.html]
[kiswa.net/themes/star-travel/demo/demo-ltr/admin-demo/listing-cruise-featured.html]
[kiswa.net/themes/star-travel/demo/demo-ltr/admin-demo/listing-car-create.html]
[kiswa.net/themes/star-travel/demo/demo-ltr/admin-demo/listing-car-all.html]
[kiswa.net/themes/star-travel/demo/demo-ltr/admin-demo/listing-car-active.html]
[kiswa.net/themes/star-travel/demo/demo-ltr/admin-demo/listing-car-drafts.html]
[kiswa.net/themes/star-travel/demo/demo-ltr/admin-demo/listing-car-expired.html]
[kiswa.net/themes/star-travel/demo/demo-ltr/admin-demo/listing-car-featured.html]
[kiswa.net/themes/star-travel/demo/demo-ltr/admin-demo/listing-flight-create.html]
[kiswa.net/themes/star-travel/demo/demo-ltr/admin-demo/listing-flight-all.html]
[kiswa.net/themes/star-travel/demo/demo-ltr/admin-demo/listing-flight-active.html]
[kiswa.net/themes/star-travel/demo/demo-ltr/admin-demo/listing-flight-drafts.html]
[kiswa.net/themes/star-travel/demo/demo-ltr/admin-demo/listing-flight-expired.html]
[kiswa.net/themes/star-travel/demo/demo-ltr/admin-demo/listing-flight-featured.html]
[kiswa.net/themes/star-travel/demo/demo-ltr/admin-demo/bookings.html]
[kiswa.net/themes/star-travel/demo/demo-ltr/admin-demo/bookings-approved.html]
[kiswa.net/themes/star-travel/demo/demo-ltr/admin-demo/bookings-pending.html]
[kiswa.net/themes/star-travel/demo/demo-ltr/admin-demo/bookings-cancelled.html]
[kiswa.net/themes/star-travel/demo/demo-ltr/admin-demo/reviews.html]
[kiswa.net/themes/star-travel/demo/demo-ltr/admin-demo/bookmarks.html]
[kiswa.net/themes/star-travel/demo/demo-ltr/admin-demo/messages-inbox.html]
[kiswa.net/themes/star-travel/demo/demo-ltr/admin-demo/messages-compose.html]
[kiswa.net/themes/star-travel/demo/demo-ltr/admin-demo/messages-details.html]
[kiswa.net/themes/star-travel/demo/demo-ltr/admin-demo/messages-starred.html]
[kiswa.net/themes/star-travel/demo/demo-ltr/admin-demo/messages-important.html]
[kiswa.net/themes/star-travel/demo/demo-ltr/admin-demo/messages-sent.html]
[kiswa.net/themes/star-travel/demo/demo-ltr/admin-demo/messages-drafts.html]
[kiswa.net/themes/star-travel/demo/demo-ltr/admin-demo/messages-trash.html]
[kiswa.net/themes/star-travel/demo/demo-ltr/admin-demo/form-login.html]
[kiswa.net/themes/star-travel/demo/demo-ltr/admin-demo/form-registration.html]
[kiswa.net/themes/star-travel/demo/demo-ltr/admin-demo/form-forgot-password.html]
[kiswa.net/themes/star-travel/demo/demo-ltr/admin-demo/invoices.html]
[kiswa.net/themes/star-travel/demo/demo-ltr/admin-demo/faq.html]
[kiswa.net/themes/star-travel/demo/demo-ltr/admin-demo/privacy-policy.html]
[kiswa.net/themes/star-travel/demo/demo-ltr/admin-demo/pricing-tables.html]
[kiswa.net/themes/star-travel/demo/demo-ltr/admin-demo/coming-soon.html]
[kiswa.net/themes/star-travel/demo/demo-ltr/admin-demo/404.html]
[kiswa.net/themes/star-travel/demo/demo-ltr/admin-demo/js/jquery-3.3.1.min.js]
[kiswa.net/themes/star-travel/demo/demo-ltr/admin-demo/js/popper.min.js]
[kiswa.net/themes/star-travel/demo/demo-ltr/admin-demo/js/bootstrap-5.3.2.min.js]
[kiswa.net/themes/star-travel/demo/demo-ltr/admin-demo/js/customscriptfile.js]
[kiswa.net/themes/star-travel/demo/demo-ltr/admin-demo/vendors/chart.js-2.8.0/dist/Chart.min.js]
[kiswa.net/themes/star-travel/demo/demo-ltr/admin-demo/index.html]
[kiswa.net/themes/star-travel/demo/demo-ltr/admin-demo/css/loader.css]
[kiswa.net/themes/star-travel/demo/demo-ltr/admin-demo/css/bootstrap-5.3.2.min.css]
[kiswa.net/themes/star-travel/demo/demo-ltr/admin-demo/vendors/fontawesome5.7.2/webfonts/fa-brands-400.eot]
[kiswa.net/themes/star-travel/demo/demo-ltr/admin-demo/vendors/fontawesome5.7.2/webfonts/fa-brands-400d41d.eot]
[kiswa.net/themes/star-travel/demo/demo-ltr/admin-demo/vendors/fontawesome5.7.2/webfonts/fa-brands-400.woff2]
[kiswa.net/themes/star-travel/demo/demo-ltr/admin-demo/vendors/fontawesome5.7.2/webfonts/fa-brands-400.woff]
[kiswa.net/themes/star-travel/demo/demo-ltr/admin-demo/vendors/fontawesome5.7.2/webfonts/fa-brands-400.ttf]
[kiswa.net/themes/star-travel/demo/demo-ltr/admin-demo/vendors/fontawesome5.7.2/webfonts/fa-regular-400.eot]
[kiswa.net/themes/star-travel/demo/demo-ltr/admin-demo/vendors/fontawesome5.7.2/webfonts/fa-regular-400d41d.eot]
[kiswa.net/themes/star-travel/demo/demo-ltr/admin-demo/vendors/fontawesome5.7.2/webfonts/fa-regular-400.woff2]
[kiswa.net/themes/star-travel/demo/demo-ltr/admin-demo/vendors/fontawesome5.7.2/webfonts/fa-regular-400.woff]
[kiswa.net/themes/star-travel/demo/demo-ltr/admin-demo/vendors/fontawesome5.7.2/webfonts/fa-regular-400.ttf]
[kiswa.net/themes/star-travel/demo/demo-ltr/admin-demo/vendors/fontawesome5.7.2/webfonts/fa-solid-900.eot]
[kiswa.net/themes/star-travel/demo/demo-ltr/admin-demo/vendors/fontawesome5.7.2/webfonts/fa-solid-900d41d.eot]
[kiswa.net/themes/star-travel/demo/demo-ltr/admin-demo/vendors/fontawesome5.7.2/webfonts/fa-solid-900.woff2]
[kiswa.net/themes/star-travel/demo/demo-ltr/admin-demo/vendors/fontawesome5.7.2/webfonts/fa-solid-900.woff]
[kiswa.net/themes/star-travel/demo/demo-ltr/admin-demo/vendors/fontawesome5.7.2/webfonts/fa-solid-900.ttf]
[kiswa.net/themes/star-travel/demo/demo-ltr/admin-demo/vendors/fontawesome5.7.2/css/all.min.css]
[kiswa.net/themes/star-travel/demo/demo-ltr/admin-demo/images/bg-image-3.jpg]
[kiswa.net/themes/star-travel/demo/demo-ltr/admin-demo/images/bg-image-2.jpg]
[kiswa.net/themes/star-travel/demo/demo-ltr/admin-demo/images/bg-image-1.jpg]
[kiswa.net/themes/star-travel/demo/demo-ltr/admin-demo/css/style.css]
[kiswa.net/themes/star-travel/demo/demo-ltr/admin-demo/css/responsive.css]
[kiswa.net/themes/star-travel/demo/demo-ltr/admin-demo/css/custom.css]
[kiswa.net/themes/star-travel/demo/demo-ltr/admin-demo/vendors/datatables/datatables.min.js]
[kiswa.net/themes/star-travel/demo/demo-ltr/admin-demo/vendors/dropzone-5.5.0/dist/min/dropzone.min.js]
[kiswa.net/themes/star-travel/demo/demo-ltr/admin-demo/profile-view-profile.html]
[kiswa.net/themes/star-travel/demo/demo-ltr/admin-demo/profile-edit-profile.html]
[kiswa.net/themes/star-travel/demo/demo-ltr/admin-demo/profile-change-password.html]
[kiswa.net/themes/star-travel/demo/demo-ltr/admin-demo/users-create-user.html]
[kiswa.net/themes/star-travel/demo/demo-ltr/admin-demo/images/car1.jpg]
[kiswa.net/themes/star-travel/demo/demo-ltr/admin-demo/images/car2.jpg]
[kiswa.net/themes/star-travel/demo/demo-ltr/admin-demo/images/car3.jpg]
[kiswa.net/themes/star-travel/demo/demo-ltr/admin-demo/users-list.html]
[kiswa.net/themes/star-travel/demo/demo-ltr/admin-demo/listing-hotel-create.html]
[kiswa.net/themes/star-travel/demo/demo-ltr/admin-demo/images/hotel3.jpg]
[kiswa.net/themes/star-travel/demo/demo-ltr/admin-demo/images/hotel2.jpg]
[kiswa.net/themes/star-travel/demo/demo-ltr/admin-demo/images/hotel1.jpg]
[kiswa.net/themes/star-travel/demo/demo-ltr/admin-demo/images/hotel4.jpg]
[kiswa.net/themes/star-travel/demo/demo-ltr/admin-demo/listing-hotel-all.html]
[kiswa.net/themes/star-travel/demo/demo-ltr/admin-demo/listing-hotel-active.html]
[kiswa.net/themes/star-travel/demo/demo-ltr/admin-demo/listing-hotel-drafts.html]
[kiswa.net/themes/star-travel/demo/demo-ltr/admin-demo/listing-hotel-expired.html]
[kiswa.net/themes/star-travel/demo/demo-ltr/admin-demo/listing-hotel-featured.html]
[kiswa.net/themes/star-travel/demo/demo-ltr/admin-demo/listing-tour-create.html]
[kiswa.net/themes/star-travel/demo/demo-ltr/admin-demo/images/tour3.jpg]
[kiswa.net/themes/star-travel/demo/demo-ltr/admin-demo/images/tour2.jpg]
[kiswa.net/themes/star-travel/demo/demo-ltr/admin-demo/images/tour1.jpg]
[kiswa.net/themes/star-travel/demo/demo-ltr/admin-demo/images/tour4.jpg]
[kiswa.net/themes/star-travel/demo/demo-ltr/admin-demo/js/datatables.min.js]
[kiswa.net/themes/star-travel/demo/demo-ltr/admin-demo/listing-tour-all.html]
[kiswa.net/themes/star-travel/demo/demo-ltr/admin-demo/listing-tour-active.html]
[kiswa.net/themes/star-travel/demo/demo-ltr/admin-demo/listing-tour-drafts.html]
[kiswa.net/themes/star-travel/demo/demo-ltr/admin-demo/listing-tour-expired.html]
[kiswa.net/themes/star-travel/demo/demo-ltr/admin-demo/listing-tour-featured.html]
[kiswa.net/themes/star-travel/demo/demo-ltr/admin-demo/listing-cruise-create.html]
[kiswa.net/themes/star-travel/demo/demo-ltr/admin-demo/images/cruise3.jpg]
[kiswa.net/themes/star-travel/demo/demo-ltr/admin-demo/images/cruise2.jpg]
[kiswa.net/themes/star-travel/demo/demo-ltr/admin-demo/images/cruise1.jpg]
[kiswa.net/themes/star-travel/demo/demo-ltr/admin-demo/images/cruise4.jpg]
[kiswa.net/themes/star-travel/demo/demo-ltr/admin-demo/listing-cruise-all.html]
[kiswa.net/themes/star-travel/demo/demo-ltr/admin-demo/listing-cruise-active.html]
[kiswa.net/themes/star-travel/demo/demo-ltr/admin-demo/listing-cruise-drafts.html]
[kiswa.net/themes/star-travel/demo/demo-ltr/admin-demo/listing-cruise-expired.html]
[kiswa.net/themes/star-travel/demo/demo-ltr/admin-demo/listing-cruise-featured.html]
[kiswa.net/themes/star-travel/demo/demo-ltr/admin-demo/listing-car-create.html]
[kiswa.net/themes/star-travel/demo/demo-ltr/admin-demo/listing-car-all.html]
[kiswa.net/themes/star-travel/demo/demo-ltr/admin-demo/listing-car-active.html]
[kiswa.net/themes/star-travel/demo/demo-ltr/admin-demo/listing-car-drafts.html]
[kiswa.net/themes/star-travel/demo/demo-ltr/admin-demo/listing-car-expired.html]
[kiswa.net/themes/star-travel/demo/demo-ltr/admin-demo/listing-car-featured.html]
[kiswa.net/themes/star-travel/demo/demo-ltr/admin-demo/listing-flight-create.html]
[kiswa.net/themes/star-travel/demo/demo-ltr/admin-demo/images/plane3.jpg]
[kiswa.net/themes/star-travel/demo/demo-ltr/admin-demo/images/plane2.jpg]
[kiswa.net/themes/star-travel/demo/demo-ltr/admin-demo/images/plane1.jpg]
[kiswa.net/themes/star-travel/demo/demo-ltr/admin-demo/images/plane4.jpg]
[kiswa.net/themes/star-travel/demo/demo-ltr/admin-demo/listing-flight-all.html]
[kiswa.net/themes/star-travel/demo/demo-ltr/admin-demo/listing-flight-active.html]
[kiswa.net/themes/star-travel/demo/demo-ltr/admin-demo/listing-flight-drafts.html]
[kiswa.net/themes/star-travel/demo/demo-ltr/admin-demo/listing-flight-expired.html]
[kiswa.net/themes/star-travel/demo/demo-ltr/admin-demo/listing-flight-featured.html]
[kiswa.net/themes/star-travel/demo/demo-ltr/admin-demo/images/commenter-2.jpg]
[kiswa.net/themes/star-travel/demo/demo-ltr/admin-demo/images/commenter-3.jpg]
[kiswa.net/themes/star-travel/demo/demo-ltr/admin-demo/bookings.html]
[kiswa.net/themes/star-travel/demo/demo-ltr/admin-demo/bookings-approved.html]
[kiswa.net/themes/star-travel/demo/demo-ltr/admin-demo/bookings-pending.html]
[kiswa.net/themes/star-travel/demo/demo-ltr/admin-demo/bookings-cancelled.html]
[kiswa.net/themes/star-travel/demo/demo-ltr/admin-demo/reviews.html]
[kiswa.net/themes/star-travel/demo/demo-ltr/admin-demo/bookmarks.html]
[kiswa.net/themes/star-travel/demo/demo-ltr/admin-demo/messages-inbox.html]
[kiswa.net/themes/star-travel/demo/demo-ltr/admin-demo/vendors/ckeditor5-build-classic/ckeditor.js]
[kiswa.net/themes/star-travel/demo/demo-ltr/admin-demo/messages-compose.html]
[kiswa.net/themes/star-travel/demo/demo-ltr/admin-demo/messages-details.html]
[kiswa.net/themes/star-travel/demo/demo-ltr/admin-demo/messages-starred.html]
[kiswa.net/themes/star-travel/demo/demo-ltr/admin-demo/messages-important.html]
[kiswa.net/themes/star-travel/demo/demo-ltr/admin-demo/messages-sent.html]
[kiswa.net/themes/star-travel/demo/demo-ltr/admin-demo/messages-drafts.html]
[kiswa.net/themes/star-travel/demo/demo-ltr/admin-demo/messages-trash.html]
[kiswa.net/themes/star-travel/demo/demo-ltr/admin-demo/images/logo.png]
[kiswa.net/themes/star-travel/demo/demo-ltr/admin-demo/form-login.html]
[kiswa.net/themes/star-travel/demo/demo-ltr/admin-demo/form-registration.html]
[kiswa.net/themes/star-travel/demo/demo-ltr/admin-demo/form-forgot-password.html]
[kiswa.net/themes/star-travel/demo/demo-ltr/admin-demo/invoices.html]
[kiswa.net/themes/star-travel/demo/demo-ltr/admin-demo/faq.html]
[kiswa.net/themes/star-travel/demo/demo-ltr/admin-demo/privacy-policy.html]
[kiswa.net/themes/star-travel/demo/demo-ltr/admin-demo/pricing-tables.html]
[kiswa.net/themes/star-travel/demo/demo-ltr/admin-demo/coming-soon.html]
[kiswa.net/themes/star-travel/demo/demo-ltr/admin-demo/404.html]
[kiswa.net/themes/star-travel/demo/demo-ltr/admin-demo/vendors/fontawesome5.7.2/webfonts/fa-brands-400.svg]
[kiswa.net/themes/star-travel/demo/demo-ltr/admin-demo/vendors/fontawesome5.7.2/webfonts/fa-regular-400.svg]
[kiswa.net/themes/star-travel/demo/demo-ltr/admin-demo/vendors/fontawesome5.7.2/webfonts/fa-solid-900.svg]
[kiswa.net/themes/star-travel/demo/demo-ltr/admin-demo/css/custom.datatables.css]
[kiswa.net/themes/star-travel/demo/demo-ltr/admin-demo/vendors/dropzone-5.5.0/dist/min/dropzone.min.css]
[kiswa.net/themes/star-travel/demo/demo-ltr/admin-demo/vendors/datatables/DataTables-1.10.18/images/sort_both.png]
[kiswa.net/themes/star-travel/demo/demo-ltr/admin-demo/vendors/datatables/DataTables-1.10.18/images/sort_asc.png]
[kiswa.net/themes/star-travel/demo/demo-ltr/admin-demo/vendors/datatables/DataTables-1.10.18/images/sort_desc.png]
[kiswa.net/themes/star-travel/demo/demo-ltr/admin-demo/vendors/datatables/DataTables-1.10.18/images/sort_asc_disabled.png]
[kiswa.net/themes/star-travel/demo/demo-ltr/admin-demo/vendors/datatables/DataTables-1.10.18/images/sort_desc_disabled.png]
[kiswa.net/themes/star-travel/demo/demo-ltr/admin-demo/vendors/datatables/datatables.min.css]
[kiswa.net/themes/star-travel/demo/demo-ltr/admin-demo/vendors/datatables/Responsive-2.2.2/css/responsive.bootstrap.css]
